NOTE  TEST: REGISTERED test-defaults.py declared: a nominal stands and the register had no entry -- accepted outside the book (E-41)
NOTE  TEST: REGISTERED test-defaults.py instantiate: a nominal stands and the register had no entry -- accepted outside the book (E-41)
NOTE  TEST: REGISTERED test-defaults.py merge: a nominal stands and the register had no entry -- accepted outside the book (E-41)
NOTE  TEST: REGISTERED test-defaults.py refused: a nominal stands and the register had no entry -- accepted outside the book (E-41)
NOTE  TEST: REGISTERED test-defaults.py table: a nominal stands and the register had no entry -- accepted outside the book (E-41)
NOTE  TEST: REGISTERED test-detector_unwrapper.py blank: a nominal stands and the register had no entry -- accepted outside the book (E-41)
NOTE  TEST: REGISTERED test-detector_unwrapper.py dash: a nominal stands and the register had no entry -- accepted outside the book (E-41)
NOTE  TEST: REGISTERED test-detector_unwrapper.py detect: a nominal stands and the register had no entry -- accepted outside the book (E-41)
NOTE  TEST: REGISTERED test-detector_unwrapper.py hash: a nominal stands and the register had no entry -- accepted outside the book (E-41)
NOTE  TEST: REGISTERED test-detector_unwrapper.py offsets: a nominal stands and the register had no entry -- accepted outside the book (E-41)
NOTE  TEST: REGISTERED test-detector_unwrapper.py single: a nominal stands and the register had no entry -- accepted outside the book (E-41)
NOTE  TEST: REGISTERED test-detector_unwrapper.py star: a nominal stands and the register had no entry -- accepted outside the book (E-41)
NOTE  TEST: REGISTERED test-execute.py refused: a nominal stands and the register had no entry -- accepted outside the book (E-41)
NOTE  TEST: REGISTERED test-execute.py stated: a nominal stands and the register had no entry -- accepted outside the book (E-41)
NOTE  TEST: REGISTERED test-explorer.py carriers: a nominal stands and the register had no entry -- accepted outside the book (E-41)
NOTE  TEST: REGISTERED test-explorer.py defaults: a nominal stands and the register had no entry -- accepted outside the book (E-41)
NOTE  TEST: REGISTERED test-explorer.py directory: a nominal stands and the register had no entry -- accepted outside the book (E-41)
NOTE  TEST: REGISTERED test-explorer.py faults: a nominal stands and the register had no entry -- accepted outside the book (E-41)
NOTE  TEST: REGISTERED test-explorer.py graph: a nominal stands and the register had no entry -- accepted outside the book (E-41)
NOTE  TEST: REGISTERED test-explorer.py resolve: a nominal stands and the register had no entry -- accepted outside the book (E-41)
NOTE  TEST: REGISTERED test-interview.py block: a nominal stands and the register had no entry -- accepted outside the book (E-41)
NOTE  TEST: REGISTERED test-interview.py directory: a nominal stands and the register had no entry -- accepted outside the book (E-41)
NOTE  TEST: REGISTERED test-interview.py precedence: a nominal stands and the register had no entry -- accepted outside the book (E-41)
NOTE  TEST: REGISTERED test-interview.py procsitter: a nominal stands and the register had no entry -- accepted outside the book (E-41)
NOTE  TEST: REGISTERED test-interview.py silence: a nominal stands and the register had no entry -- accepted outside the book (E-41)
NOTE  TEST: REGISTERED test-output.sh cycle: a nominal stands and the register had no entry -- accepted outside the book (E-41)
NOTE  TEST: REGISTERED test-output.sh declare: a nominal stands and the register had no entry -- accepted outside the book (E-41)
NOTE  TEST: REGISTERED test-output.sh forgotten: a nominal stands and the register had no entry -- accepted outside the book (E-41)
NOTE  TEST: REGISTERED test-output.sh refuse: a nominal stands and the register had no entry -- accepted outside the book (E-41)
NOTE  TEST: REGISTERED test-printer.py directory: a nominal stands and the register had no entry -- accepted outside the book (E-41)
NOTE  TEST: REGISTERED test-printer.py faults: a nominal stands and the register had no entry -- accepted outside the book (E-41)
NOTE  TEST: REGISTERED test-printer.py file: a nominal stands and the register had no entry -- accepted outside the book (E-41)
NOTE  TEST: REGISTERED test-printer.py no_default: a nominal stands and the register had no entry -- accepted outside the book (E-41)
NOTE  TEST: REGISTERED test-printer.py origins: a nominal stands and the register had no entry -- accepted outside the book (E-41)
NOTE  TEST: REGISTERED test-printer.py places: a nominal stands and the register had no entry -- accepted outside the book (E-41)
NOTE  TEST: REGISTERED test-task_list.py all: a nominal stands and the register had no entry -- accepted outside the book (E-41)
NOTE  TEST: REGISTERED test-task_list.py named: a nominal stands and the register had no entry -- accepted outside the book (E-41)
NOTE  TEST: REGISTERED test-task_list.py refused: a nominal stands and the register had no entry -- accepted outside the book (E-41)
NOTE  TEST: REGISTERED test-tree.py inherit: a nominal stands and the register had no entry -- accepted outside the book (E-41)
NOTE  TEST: REGISTERED test-tree.py locals: a nominal stands and the register had no entry -- accepted outside the book (E-41)
NOTE  TEST: REGISTERED test-tree.py marker: a nominal stands and the register had no entry -- accepted outside the book (E-41)
NOTE  TEST: REGISTERED test-tree.py root: a nominal stands and the register had no entry -- accepted outside the book (E-41)
NOTE  TEST: REGISTERED test-tree.py walk: a nominal stands and the register had no entry -- accepted outside the book (E-41)
NOTE  TEST: REGISTERED test-validator.py choiceless: a nominal stands and the register had no entry -- accepted outside the book (E-41)
NOTE  TEST: REGISTERED test-validator.py conf: a nominal stands and the register had no entry -- accepted outside the book (E-41)
NOTE  TEST: REGISTERED test-validator.py exclusivity: a nominal stands and the register had no entry -- accepted outside the book (E-41)
NOTE  TEST: REGISTERED test-validator.py header: a nominal stands and the register had no entry -- accepted outside the book (E-41)
NOTE  TEST: REGISTERED test-validator.py list_form: a nominal stands and the register had no entry -- accepted outside the book (E-41)
NOTE  TEST: REGISTERED test-validator.py off: a nominal stands and the register had no entry -- accepted outside the book (E-41)
NOTE  TEST: REGISTERED test-validator.py root_only: a nominal stands and the register had no entry -- accepted outside the book (E-41)
NOTE  TEST: REGISTERED test-validator.py types: a nominal stands and the register had no entry -- accepted outside the book (E-41)
NOTE  TEST: REGISTERED test-validator.py vocabulary: a nominal stands and the register had no entry -- accepted outside the book (E-41)
